



   ---------------------------------------------------------------------------
     START OF THE SEQUENTIAL LEAST SQUARES PROGRAMMING ALGORITHM
   ---------------------------------------------------------------------------

     PARAMETERS:
        ACC =   0.1000D-05
        MAXITER = 500
        IPRINT =   1
        IOUT =  60


     ITER =    1     OBJ =  0.66656787E+02
     ITER =    2     OBJ =  0.53630590E+02
     ITER =    3     OBJ =  0.57078797E+02
     ITER =    4     OBJ =  0.58272766E+02
     ITER =    5     OBJ =  0.65086651E+02
     ITER =    6     OBJ =  0.64745330E+02
     ITER =    7     OBJ =  0.65246176E+02
     ITER =    8     OBJ =  0.65280974E+02
     ITER =    9     OBJ =  0.65277816E+02
     ITER =   10     OBJ =  0.65197093E+02
     ITER =   11     OBJ =  0.65201165E+02
     ITER =   12     OBJ =  0.65177523E+02
     ITER =   13     OBJ =  0.65230644E+02
     ITER =   14     OBJ =  0.65234418E+02
     ITER =   15     OBJ =  0.65234651E+02
     ITER =   16     OBJ =  0.65234702E+02
        NUMBER OF FUNC-CALLS:  NFUNC =  21
        NUMBER OF GRAD-CALLS:  NGRAD =  17
